messagetest.c:28: initmq
pollTimer
poll!
Handler:
100 2 25600
pollTimer
mepollTimer
poll!
sspollTimer
agpollTimer
poll!
etpollTimer
espollTimer
poll!
t.pollTimer
cpollTimer
poll!
pollTimer
pollTimer
poll!
pollTimer
pollTimer
poll!
pollTimer
pollTimer
poll!
pollTimer
pollTimer
poll!
pollTimer
pollTimer
poll!
pollTimer
pollTimer
poll!
pollTimer
pollTimer
poll!
pollTimer
pollTimer
poll!
pollTimer
3pollTimer
poll!
341pollTimer
popollTimer
poll!
ll!pollTimer
dequpollTimer
poll!
eue
pollTimer
pollTimer
poll!
HandlerpollTimer
:
pollTimer
poll!
pollTimer
pollTimer
poll!
pollTimer
pollTimer
poll!
pollTimer
pollTimer
poll!
pollTimer
pollTimer
poll!
pollTimer
pollTimer
poll!
pollTimer
pollTimer
poll!
pollTimer
pollTimer
poll!
161pollTimer
 pollTimer
poll!
pollTimer
pollTimer
poll!
pollTimer
pollTimer
poll!
0pollTimer
 pollTimer
poll!
pollTimer
pollTimer
poll!
pollTimer
pollTimer
poll!
pollTimer
pollTimer
poll!
pollTimer
pollTimer
poll!
pollTimer
pollTimer
poll!
pollTimer
pollTimer
poll!
pollTimer
pollTimer
poll!
pollTimer
pollTimer
poll!
pollTimer
pollTimer
poll!
pollTimer
pollTimer
poll!
pollTimer
pollTimer
poll!
24pollTimer
839pollTimer
poll!

dpollTimer
equeue
pollTimer
poll!
pollTimer
HandpollTimer
poll!
ler:
pollTimer
pollTimer
poll!
pollTimer
pollTimer
poll!
pollTimer
pollTimer
poll!
pollTimer
pollTimer
poll!
pollTimer
pollTimer
poll!
pollTimer
pollTimer
poll!
pollTimer
pollTimer
poll!
pollTimer
16pollTimer
poll!
1 pollTimer
pollTimer
poll!
pollTimer
pollTimer
poll!
pollTimer
pollTimer
poll!
0 pollTimer
pollTimer
poll!
